task 1 - test ok






